Microchip MPLAB XC8 Compiler V2.31

Linker command line:

-W-3 --edf=C:\Program Files\Microchip\xc8\v2.31\pic\dat\en_msgs.txt -cn \
  -h+dist/default/production\snake_game.X.production.sym \
  --cmf=dist/default/production\snake_game.X.production.cmf -z -Q18F4520 \
  -oC:\Users\paulo\AppData\Local\Temp\sehg.2 --defsym=__MPLAB_BUILD=1 \
  -Mdist/default/production/snake_game.X.production.map -E1 \
  -ver=XC8 Compiler --acfsm=1493 -ASTACK=0130h-05FFh -pstack=STACK \
  -ACODE=00h-07FFFh -ACONST=00h-07FFFh -ASMALLCONST=0600h-06FFhx122 \
  -AMEDIUMCONST=0600h-07FFFh -ACOMRAM=01h-07Fh -AABS1=00h-05FFh \
  -ABIGRAM=01h-05FFh -ARAM=080h-0FFh,0100h-01FFhx5 -ABANK0=080h-0FFh \
  -ABANK1=0100h-01FFh -ABANK2=0200h-02FFh -ABANK3=0300h-03FFh \
  -ABANK4=0400h-04FFh -ABANK5=0500h-05FFh -ASFR=0F80h-0FFFh \
  -ACONFIG=0300000h-030000Dh -AIDLOC=0200000h-0200007h \
  -AEEDATA=0F00000h-0F000FFh -peeprom_data=EEDATA \
  -preset_vec=00h,intcode,intcodelo,powerup,init -pramtop=0600h \
  -psmallconst=SMALLCONST -pmediumconst=MEDIUMCONST -pconst=CONST \
  -AFARRAM=00h-00h \
  -prdata=COMRAM,nvrram=COMRAM,nvbit=COMRAM,rbss=COMRAM,rbit=COMRAM \
  -pfarbss=FARRAM,fardata=FARRAM,nvFARRAM=FARRAM \
  -pintsave_regs=BIGRAM,bigbss=BIGRAM,bigdata=BIGRAM -pbss=RAM \
  -pidata=CODE,irdata=CODE,ibigdata=CODE,ifardata=CODE -prparam=COMRAM \
  C:\Users\paulo\AppData\Local\Temp\sehg.o \
  dist/default/production\snake_game.X.production.o 

Object code version is 3.11

Machine type is 18F4520



                Name                               Link     Load   Length Selector   Space Scale
C:\Users\paulo\AppData\Local\Temp\sehg.o
                idloc                            200000   200000        8        0       5
                config                           300000   300000        E        0       4
                init                                  0        0        4        0       0
dist/default/production\snake_game.X.production.o
                idloc                            200000   200000        8        0       5
                config                           300000   300000        E        0       4
                mediumconst                        7DB0     7DB0      250     3ED8       0
                text67                             7914     7914      24E     3C8A       0
                text66                             6452     6452       3E     3229       0
                text65                             6334     6334       32     319A       0
                text64                             72E2     72E2      10C     3971       0
                text63                             6144     6144       26     30A2       0
                text62                             60B2     60B2       1A     3059       0
                text61                             60CC     60CC       1A     3066       0
                text60                             678E     678E       5E     33C7       0
                text59                             602A     602A        2     3015       0
                text58                             7B62     7B62      24E     3DB1       0
                text57                             64D0     64D0       42     3268       0
                text56                             622C     622C       2A     3116       0
                text55                             6256     6256       2A     312B       0
                text54                             65E8     65E8       4E     32F4       0
                text53                             66DA     66DA       5A     336D       0
                text52                             60E6     60E6       1E     3073       0
                text51                             6304     6304       30     3182       0
                text50                             6104     6104       1E     3082       0
                text49                             7114     7114       E0     388A       0
                text48                             63DA     63DA       3C     31ED       0
                text47                             67EC     67EC       64     33F6       0
                text46                             616A     616A       26     30B5       0
                text45                             6636     6636       50     331B       0
                text44                             61DC     61DC       28     30EE       0
                text43                             6366     6366       3A     31B3       0
                text42                             659C     659C       4C     32CE       0
                text41                             6190     6190       26     30C8       0
                text40                             6D40     6D40       B4     36A0       0
                text39                             6280     6280       2C     3140       0
                text38                             6036     6036        8     301B       0
                text37                             6086     6086       16     3043       0
                text36                             6074     6074       12     303A       0
                text35                             63A0     63A0       3A     31D0       0
                text34                             6686     6686       54     3343       0
                text33                             6AEE     6AEE       7E     3577       0
                text32                             6734     6734       5A     339A       0
                text31                             6050     6050        A     3028       0
                text30                             6B6C     6B6C       86     35B6       0
                text29                             6850     6850       66     3428       0
                text28                             6990     6990       72     34C8       0
                text27                             6122     6122       22     3091       0
                text26                             6064     6064       10     3032       0
                text25                             6DF4     6DF4       BA     36FA       0
                text24                             77AA     77AA      16A     3BD5       0
                text23                             73EE     73EE      136     39F7       0
                text22                             6A02     6A02       74     3501       0
                text21                             68B6     68B6       6C     345B       0
                text20                             609C     609C       16     304E       0
                text19                             6556     6556       46     32AB       0
                text18                             6204     6204       28     3102       0
                text17                             6F70     6F70       D2     37B8       0
                text16                             6A76     6A76       78     353B       0
                text15                             61B6     61B6       26     30DB       0
                text14                             6030     6030        6     3018       0
                text13                             62AC     62AC       2C     3156       0
                text12                             62D8     62D8       2C     316C       0
                text11                             7524     7524      138     3A92       0
                text10                             6C90     6C90       B0     3648       0
                text9                              7042     7042       D2     3821       0
                text8                              765C     765C      14E     3B2E       0
                text7                              602C     602C        4     3016       0
                text6                              605A     605A        A     302D       0
                text5                              6EAE     6EAE       C2     3757       0
                text4                              6512     6512       44     3289       0
                text3                              6416     6416       3C     320B       0
                text2                              603E     603E        8     301F       0
                text1                              71F4     71F4       EE     38FA       0
                text0                              6BF2     6BF2       9E     35F9       0
                cstackCOMRAM                         53       53       1C        1       1
                bssBANK1                            100      100       30      100       1
                dataBANK0                            BF       BF       3F       80       1
                bssBANK0                             80       80       3F       80       1
                dataCOMRAM                           6F       6F        9        1       1
                bssCOMRAM                             1        1       52        1       1
                cinit                              6922     6922       6E     3491       0
                idataBANK0                         6491     6491       3F     6491       0
                idataCOMRAM                        6047     6047        9     6047       0

TOTAL           Name                               Link     Load   Length     Space
        CLASS   STACK          

        CLASS   CODE           
                init                                  0        0        4         0
                text67                             7914     7914      24E         0
                text66                             6452     6452       3E         0
                text65                             6334     6334       32         0
                text64                             72E2     72E2      10C         0
                text63                             6144     6144       26         0
                text62                             60B2     60B2       1A         0
                text61                             60CC     60CC       1A         0
                text60                             678E     678E       5E         0
                text59                             602A     602A        2         0
                text58                             7B62     7B62      24E         0
                text57                             64D0     64D0       42         0
                text56                             622C     622C       2A         0
                text55                             6256     6256       2A         0
                text54                             65E8     65E8       4E         0
                text53                             66DA     66DA       5A         0
                text52                             60E6     60E6       1E         0
                text51                             6304     6304       30         0
                text50                             6104     6104       1E         0
                text49                             7114     7114       E0         0
                text48                             63DA     63DA       3C         0
                text47                             67EC     67EC       64         0
                text46                             616A     616A       26         0
                text45                             6636     6636       50         0
                text44                             61DC     61DC       28         0
                text43                             6366     6366       3A         0
                text42                             659C     659C       4C         0
                text41                             6190     6190       26         0
                text40                             6D40     6D40       B4         0
                text39                             6280     6280       2C         0
                text38                             6036     6036        8         0
                text37                             6086     6086       16         0
                text36                             6074     6074       12         0
                text35                             63A0     63A0       3A         0
                text34                             6686     6686       54         0
                text33                             6AEE     6AEE       7E         0
                text32                             6734     6734       5A         0
                text31                             6050     6050        A         0
                text30                             6B6C     6B6C       86         0
                text29                             6850     6850       66         0
                text28                             6990     6990       72         0
                text27                             6122     6122       22         0
                text26                             6064     6064       10         0
                text25                             6DF4     6DF4       BA         0
                text24                             77AA     77AA      16A         0
                text23                             73EE     73EE      136         0
                text22                             6A02     6A02       74         0
                text21                             68B6     68B6       6C         0
                text20                             609C     609C       16         0
                text19                             6556     6556       46         0
                text18                             6204     6204       28         0
                text17                             6F70     6F70       D2         0
                text16                             6A76     6A76       78         0
                text15                             61B6     61B6       26         0
                text14                             6030     6030        6         0
                text13                             62AC     62AC       2C         0
                text12                             62D8     62D8       2C         0
                text11                             7524     7524      138         0
                text10                             6C90     6C90       B0         0
                text9                              7042     7042       D2         0
                text8                              765C     765C      14E         0
                text7                              602C     602C        4         0
                text6                              605A     605A        A         0
                text5                              6EAE     6EAE       C2         0
                text4                              6512     6512       44         0
                text3                              6416     6416       3C         0
                text2                              603E     603E        8         0
                text1                              71F4     71F4       EE         0
                text0                              6BF2     6BF2       9E         0
                cinit                              6922     6922       6E         0
                idataBANK0                         6491     6491       3F         0
                idataCOMRAM                        6047     6047        9         0

        CLASS   CONST          

        CLASS   SMALLCONST     

        CLASS   MEDIUMCONST    
                mediumconst                        7DB0     7DB0      250         0

        CLASS   COMRAM         
                cstackCOMRAM                         53       53       1C         1
                dataCOMRAM                           6F       6F        9         1
                bssCOMRAM                             1        1       52         1

        CLASS   ABS1           

        CLASS   BIGRAM         

        CLASS   RAM            

        CLASS   BANK0          
                dataBANK0                            BF       BF       3F         1
                bssBANK0                             80       80       3F         1

        CLASS   BANK1          
                bssBANK1                            100      100       30         1

        CLASS   BANK2          

        CLASS   BANK3          

        CLASS   BANK4          

        CLASS   BANK5          

        CLASS   SFR            

        CLASS   CONFIG         
                config                           300000   300000        E         4

        CLASS   IDLOC          
                idloc                            200000   200000        8         5

        CLASS   EEDATA         

        CLASS   FARRAM         



SEGMENTS        Name                           Load    Length   Top    Selector   Space  Class

                reset_vec                      000000  000004  000004         0       0  CODE    
                bssCOMRAM                      000001  000077  000078         1       1  COMRAM  
                bssBANK0                       000080  00007E  0000FE        80       1  BANK0   
                bssBANK1                       000100  000030  000130       100       1  BANK1   
                text59                         00602A  000002  00602C      3015       0  CODE    
                text7                          00602C  000004  006030      3016       0  CODE    
                text14                         006030  000006  006036      3018       0  CODE    
                text38                         006036  000008  00603E      301B       0  CODE    
                text2                          00603E  000008  006046      301F       0  CODE    
                idataCOMRAM                    006047  000009  006050      6047       0  CODE    
                text31                         006050  00000A  00605A      3028       0  CODE    
                text6                          00605A  00000A  006064      302D       0  CODE    
                text26                         006064  000010  006074      3032       0  CODE    
                text36                         006074  000012  006086      303A       0  CODE    
                text37                         006086  000016  00609C      3043       0  CODE    
                text20                         00609C  000016  0060B2      304E       0  CODE    
                text62                         0060B2  00001A  0060CC      3059       0  CODE    
                text61                         0060CC  00001A  0060E6      3066       0  CODE    
                text52                         0060E6  00001E  006104      3073       0  CODE    
                text50                         006104  00001E  006122      3082       0  CODE    
                text27                         006122  000022  006144      3091       0  CODE    
                text63                         006144  000026  00616A      30A2       0  CODE    
                text46                         00616A  000026  006190      30B5       0  CODE    
                text41                         006190  000026  0061B6      30C8       0  CODE    
                text15                         0061B6  000026  0061DC      30DB       0  CODE    
                text44                         0061DC  000028  006204      30EE       0  CODE    
                text18                         006204  000028  00622C      3102       0  CODE    
                text56                         00622C  00002A  006256      3116       0  CODE    
                text55                         006256  00002A  006280      312B       0  CODE    
                text39                         006280  00002C  0062AC      3140       0  CODE    
                text13                         0062AC  00002C  0062D8      3156       0  CODE    
                text12                         0062D8  00002C  006304      316C       0  CODE    
                text51                         006304  000030  006334      3182       0  CODE    
                text65                         006334  000032  006366      319A       0  CODE    
                text43                         006366  00003A  0063A0      31B3       0  CODE    
                text35                         0063A0  00003A  0063DA      31D0       0  CODE    
                text48                         0063DA  00003C  006416      31ED       0  CODE    
                text3                          006416  00003C  006452      320B       0  CODE    
                text66                         006452  00003E  006490      3229       0  CODE    
                idataBANK0                     006491  00003F  0064D0      6491       0  CODE    
                text57                         0064D0  000042  006512      3268       0  CODE    
                text4                          006512  000044  006556      3289       0  CODE    
                text19                         006556  000046  00659C      32AB       0  CODE    
                text42                         00659C  00004C  0065E8      32CE       0  CODE    
                text54                         0065E8  00004E  006636      32F4       0  CODE    
                text45                         006636  000050  006686      331B       0  CODE    
                text34                         006686  000054  0066DA      3343       0  CODE    
                text53                         0066DA  00005A  006734      336D       0  CODE    
                text32                         006734  00005A  00678E      339A       0  CODE    
                text60                         00678E  00005E  0067EC      33C7       0  CODE    
                text47                         0067EC  000064  006850      33F6       0  CODE    
                text29                         006850  000066  0068B6      3428       0  CODE    
                text21                         0068B6  00006C  006922      345B       0  CODE    
                cinit                          006922  00006E  006990      3491       0  CODE    
                text28                         006990  000072  006A02      34C8       0  CODE    
                text22                         006A02  000074  006A76      3501       0  CODE    
                text16                         006A76  000078  006AEE      353B       0  CODE    
                text33                         006AEE  00007E  006B6C      3577       0  CODE    
                text30                         006B6C  000086  006BF2      35B6       0  CODE    
                text0                          006BF2  00009E  006C90      35F9       0  CODE    
                text10                         006C90  0000B0  006D40      3648       0  CODE    
                text40                         006D40  0000B4  006DF4      36A0       0  CODE    
                text25                         006DF4  0000BA  006EAE      36FA       0  CODE    
                text5                          006EAE  0000C2  006F70      3757       0  CODE    
                text17                         006F70  0000D2  007042      37B8       0  CODE    
                text9                          007042  0000D2  007114      3821       0  CODE    
                text49                         007114  0000E0  0071F4      388A       0  CODE    
                text1                          0071F4  0000EE  0072E2      38FA       0  CODE    
                text64                         0072E2  00010C  0073EE      3971       0  CODE    
                text23                         0073EE  000136  007524      39F7       0  CODE    
                text11                         007524  000138  00765C      3A92       0  CODE    
                text8                          00765C  00014E  0077AA      3B2E       0  CODE    
                text24                         0077AA  00016A  007914      3BD5       0  CODE    
                text67                         007914  00024E  007B62      3C8A       0  CODE    
                text58                         007B62  00024E  007DB0      3DB1       0  CODE    
                mediumconst                    007DB0  000250  008000      3ED8       0  MEDIUMCO


UNUSED ADDRESS RANGES

        Name                Unused          Largest block    Delta
        BANK0            0000FE-0000FF                2
        BANK1            000130-0001FF               D0
        BANK2            000200-0002FF              100
        BANK3            000300-0003FF              100
        BANK4            000400-0004FF              100
        BANK5            000500-0005FF              100
        BIGRAM           000078-00007F                8
                         0000FE-0000FF                2
                         000130-0005FF              4D0
        CODE             000004-006029             6026
                         006046-006046                1
                         006490-006490                1
        COMRAM           000078-00007F                8
        CONST            000004-006029             6026
                         006046-006046                1
                         006490-006490                1
        EEDATA           F00000-F000FF              100
        MEDIUMCONST      000600-006029             5A2A
                         006046-006046                1
                         006490-006490                1
        RAM              0000FE-0000FF                2
                         000130-0005FF              100
        SFR              000F80-000FFF               80
        SMALLCONST       000600-006029              100
                         006046-006046                1
                         006490-006490                1
        STACK            000130-0005FF              4D0

                                  Symbol Table

?___aldiv                      cstackCOMRAM 000053
?___awmod                      cstackCOMRAM 000053
?___lwdiv                      cstackCOMRAM 000053
?___lwmod                      cstackCOMRAM 00005D
?___wmul                       cstackCOMRAM 000053
?_digitalRead                  cstackCOMRAM 000053
?_displayMenu                  cstackCOMRAM 00006A
?_mixerGetSongName             cstackCOMRAM 000053
?_random                       cstackCOMRAM 000059
_ADCON1                        (abs)        000FC1
_BAUDCON                       (abs)        000FB8
_CCP2CON                       (abs)        000FBA
_CCPR2L                        (abs)        000FBB
_INTCON                        (abs)        000FF2
_PIR1                          (abs)        000F9E
_PORTA                         (abs)        000F80
_PORTB                         (abs)        000F81
_PORTC                         (abs)        000F82
_PORTD                         (abs)        000F83
_PORTE                         (abs)        000F84
_PR2                           (abs)        000FCB
_PulseClockData                text56       00622C
_PulseEnClock                  text55       006256
_RCREG                         (abs)        000FAE
_RCSTA                         (abs)        000FAB
_SPBRG                         (abs)        000FAF
_SPBRGH                        (abs)        000FB0
_T0CON                         (abs)        000FD5
_T2CON                         (abs)        000FCA
_TMR0H                         (abs)        000FD7
_TMR0L                         (abs)        000FD6
_TRISA                         (abs)        000F92
_TRISB                         (abs)        000F93
_TRISC                         (abs)        000F94
_TRISD                         (abs)        000F95
_TRISE                         (abs)        000F96
_TXREG                         (abs)        000FAD
_TXSTA                         (abs)        000FAC
__HRAM                         (abs)        000000
__Habs1                        abs1         000000
__Hbank0                       bank0        000000
__Hbank1                       bank1        000000
__Hbank2                       bank2        000000
__Hbank3                       bank3        000000
__Hbank4                       bank4        000000
__Hbank5                       bank5        000000
__Hbigbss                      bigbss       000000
__Hbigdata                     bigdata      000000
__Hbigram                      bigram       000000
__Hbss                         bss          000000
__HbssBANK0                    bssBANK0     000000
__HbssBANK1                    bssBANK1     000000
__HbssCOMRAM                   bssCOMRAM    000000
__Hcinit                       cinit        000000
__Hclrtext                     clrtext      000000
__Hcomram                      comram       000000
__Hconfig                      config       30000E
__Hconst                       const        000000
__HcstackCOMRAM                cstackCOMRAM 000000
__Hdata                        data         000000
__HdataBANK0                   dataBANK0    000000
__HdataCOMRAM                  dataCOMRAM   000000
__Heeprom_data                 eeprom_data  000000
__Hfarbss                      farbss       000000
__Hfardata                     fardata      000000
__Hibigdata                    ibigdata     000000
__Hidata                       idata        000000
__HidataBANK0                  idataBANK0   000000
__HidataCOMRAM                 idataCOMRAM  000000
__Hidloc                       idloc        200008
__Hifardata                    ifardata     000000
__Hinit                        init         000004
__Hintcode                     intcode      000000
__Hintcode_body                intcode_body 000000
__Hintcodelo                   intcodelo    000000
__Hintentry                    intentry     000000
__Hintret                      intret       000000
__Hintsave_regs                intsave_regs 000000
__Hirdata                      irdata       000000
__Hmediumconst                 mediumconst  008000
__HnvFARRAM                    nvFARRAM     000000
__Hnvbit                       nvbit        000000
__Hnvrram                      nvrram       000000
__Hparam                       rparam       000000
__Hpowerup                     powerup      000000
__Hram                         ram          000000
__Hramtop                      ramtop       000600
__Hrbit                        rbit         000000
__Hrbss                        rbss         000000
__Hrdata                       rdata        000000
__Hreset_vec                   reset_vec    000000
__Hrparam                      rparam       000000
__Hsfr                         sfr          000000
__Hsmallconst                  smallconst   000000
__Hspace_0                     (abs)        008000
__Hspace_1                     (abs)        000130
__Hspace_2                     (abs)        000000
__Hspace_4                     (abs)        60000E
__Hstack                       stack        000000
__Hstruct                      struct       000000
__Htemp                        temp         000000
__Htext                        text         000000
__Htext0                       text0        000000
__Htext1                       text1        000000
__Htext10                      text10       000000
__Htext11                      text11       000000
__Htext12                      text12       000000
__Htext13                      text13       000000
__Htext14                      text14       000000
__Htext15                      text15       000000
__Htext16                      text16       000000
__Htext17                      text17       000000
__Htext18                      text18       000000
__Htext19                      text19       000000
__Htext2                       text2        000000
__Htext20                      text20       000000
__Htext21                      text21       000000
__Htext22                      text22       000000
__Htext23                      text23       000000
__Htext24                      text24       000000
__Htext25                      text25       000000
__Htext26                      text26       000000
__Htext27                      text27       000000
__Htext28                      text28       000000
__Htext29                      text29       000000
__Htext3                       text3        000000
__Htext30                      text30       000000
__Htext31                      text31       000000
__Htext32                      text32       000000
__Htext33                      text33       000000
__Htext34                      text34       000000
__Htext35                      text35       000000
__Htext36                      text36       000000
__Htext37                      text37       000000
__Htext38                      text38       000000
__Htext39                      text39       000000
__Htext4                       text4        000000
__Htext40                      text40       000000
__Htext41                      text41       000000
__Htext42                      text42       000000
__Htext43                      text43       000000
__Htext44                      text44       000000
__Htext45                      text45       000000
__Htext46                      text46       000000
__Htext47                      text47       000000
__Htext48                      text48       000000
__Htext49                      text49       000000
__Htext5                       text5        000000
__Htext50                      text50       000000
__Htext51                      text51       000000
__Htext52                      text52       000000
__Htext53                      text53       000000
__Htext54                      text54       000000
__Htext55                      text55       000000
__Htext56                      text56       000000
__Htext57                      text57       000000
__Htext58                      text58       000000
__Htext59                      text59       000000
__Htext6                       text6        000000
__Htext60                      text60       000000
__Htext61                      text61       000000
__Htext62                      text62       000000
__Htext63                      text63       000000
__Htext64                      text64       000000
__Htext65                      text65       000000
__Htext66                      text66       000000
__Htext67                      text67       000000
__Htext7                       text7        000000
__Htext8                       text8        000000
__Htext9                       text9        000000
__LRAM                         (abs)        000001
__Labs1                        abs1         000000
__Lbank0                       bank0        000000
__Lbank1                       bank1        000000
__Lbank2                       bank2        000000
__Lbank3                       bank3        000000
__Lbank4                       bank4        000000
__Lbank5                       bank5        000000
__Lbigbss                      bigbss       000000
__Lbigdata                     bigdata      000000
__Lbigram                      bigram       000000
__Lbss                         bss          000000
__LbssBANK0                    bssBANK0     000000
__LbssBANK1                    bssBANK1     000000
__LbssCOMRAM                   bssCOMRAM    000000
__Lcinit                       cinit        000000
__Lclrtext                     clrtext      000000
__Lcomram                      comram       000000
__Lconfig                      config       000000
__Lconst                       const        000000
__LcstackCOMRAM                cstackCOMRAM 000000
__Ldata                        data         000000
__LdataBANK0                   dataBANK0    000000
__LdataCOMRAM                  dataCOMRAM   000000
__Leeprom_data                 eeprom_data  000000
__Lfarbss                      farbss       000000
__Lfardata                     fardata      000000
__Libigdata                    ibigdata     000000
__Lidata                       idata        000000
__LidataBANK0                  idataBANK0   000000
__LidataCOMRAM                 idataCOMRAM  000000
__Lidloc                       idloc        000000
__Lifardata                    ifardata     000000
__Linit                        init         000000
__Lintcode                     intcode      000000
__Lintcode_body                intcode_body 000000
__Lintcodelo                   intcodelo    000000
__Lintentry                    intentry     000000
__Lintret                      intret       000000
__Lintsave_regs                intsave_regs 000000
__Lirdata                      irdata       000000
__Lmediumconst                 mediumconst  007DB0
__LnvFARRAM                    nvFARRAM     000000
__Lnvbit                       nvbit        000000
__Lnvrram                      nvrram       000000
__Lparam                       rparam       000000
__Lpowerup                     powerup      000000
__Lram                         ram          000000
__Lramtop                      ramtop       000600
__Lrbit                        rbit         000000
__Lrbss                        rbss         000000
__Lrdata                       rdata        000000
__Lreset_vec                   reset_vec    000000
__Lrparam                      rparam       000000
__Lsfr                         sfr          000000
__Lsmallconst                  smallconst   000000
__Lspace_0                     (abs)        000000
__Lspace_1                     (abs)        000000
__Lspace_2                     (abs)        000000
__Lspace_4                     (abs)        000000
__Lstack                       stack        000000
__Lstruct                      struct       000000
__Ltemp                        temp         000000
__Ltext                        text         000000
__Ltext0                       text0        000000
__Ltext1                       text1        000000
__Ltext10                      text10       000000
__Ltext11                      text11       000000
__Ltext12                      text12       000000
__Ltext13                      text13       000000
__Ltext14                      text14       000000
__Ltext15                      text15       000000
__Ltext16                      text16       000000
__Ltext17                      text17       000000
__Ltext18                      text18       000000
__Ltext19                      text19       000000
__Ltext2                       text2        000000
__Ltext20                      text20       000000
__Ltext21                      text21       000000
__Ltext22                      text22       000000
__Ltext23                      text23       000000
__Ltext24                      text24       000000
__Ltext25                      text25       000000
__Ltext26                      text26       000000
__Ltext27                      text27       000000
__Ltext28                      text28       000000
__Ltext29                      text29       000000
__Ltext3                       text3        000000
__Ltext30                      text30       000000
__Ltext31                      text31       000000
__Ltext32                      text32       000000
__Ltext33                      text33       000000
__Ltext34                      text34       000000
__Ltext35                      text35       000000
__Ltext36                      text36       000000
__Ltext37                      text37       000000
__Ltext38                      text38       000000
__Ltext39                      text39       000000
__Ltext4                       text4        000000
__Ltext40                      text40       000000
__Ltext41                      text41       000000
__Ltext42                      text42       000000
__Ltext43                      text43       000000
__Ltext44                      text44       000000
__Ltext45                      text45       000000
__Ltext46                      text46       000000
__Ltext47                      text47       000000
__Ltext48                      text48       000000
__Ltext49                      text49       000000
__Ltext5                       text5        000000
__Ltext50                      text50       000000
__Ltext51                      text51       000000
__Ltext52                      text52       000000
__Ltext53                      text53       000000
__Ltext54                      text54       000000
__Ltext55                      text55       000000
__Ltext56                      text56       000000
__Ltext57                      text57       000000
__Ltext58                      text58       000000
__Ltext59                      text59       000000
__Ltext6                       text6        000000
__Ltext60                      text60       000000
__Ltext61                      text61       000000
__Ltext62                      text62       000000
__Ltext63                      text63       000000
__Ltext64                      text64       000000
__Ltext65                      text65       000000
__Ltext66                      text66       000000
__Ltext67                      text67       000000
__Ltext7                       text7        000000
__Ltext8                       text8        000000
__Ltext9                       text9        000000
__S0                           (abs)        008000
__S1                           (abs)        000130
__S2                           (abs)        000000
__S4                           (abs)        000000
__S5                           (abs)        000000
___aldiv                       text64       0072E2
___aldiv@counter               cstackCOMRAM 00005B
___aldiv@dividend              cstackCOMRAM 000053
___aldiv@divisor               cstackCOMRAM 000057
___aldiv@quotient              cstackCOMRAM 00005D
___aldiv@sign                  cstackCOMRAM 00005C
___awmod                       text10       006C90
___awmod@counter               cstackCOMRAM 000057
___awmod@dividend              cstackCOMRAM 000053
___awmod@divisor               cstackCOMRAM 000055
___awmod@sign                  cstackCOMRAM 000058
___inthi_sp                    stack        000000
___intlo_sp                    stack        000000
___lwdiv                       text22       006A02
___lwdiv@counter               cstackCOMRAM 000059
___lwdiv@dividend              cstackCOMRAM 000053
___lwdiv@divisor               cstackCOMRAM 000055
___lwdiv@quotient              cstackCOMRAM 000057
___lwmod                       text47       0067EC
___lwmod@counter               cstackCOMRAM 000061
___lwmod@dividend              cstackCOMRAM 00005D
___lwmod@divisor               cstackCOMRAM 00005F
___param_bank                  (abs)        000000
___rparam_used                 (abs)        000001
___sp                          stack        000000
___wmul                        text46       00616A
___wmul@multiplicand           cstackCOMRAM 000055
___wmul@multiplier             cstackCOMRAM 000053
___wmul@product                cstackCOMRAM 000057
__accesstop                    (abs)        000080
__activetblptr                 (abs)        000002
__end_of_PulseClockData        text56       006256
__end_of_PulseEnClock          text55       006280
__end_of___aldiv               text64       0073EE
__end_of___awmod               text10       006D40
__end_of___lwdiv               text22       006A76
__end_of___lwmod               text47       006850
__end_of___wmul                text46       006190
__end_of__initialization       cinit        006986
__end_of_addPoint              text29       0068B6
__end_of_charKey               mediumconst  007DF7
__end_of_checkCollision        text30       006BF2
__end_of_checkFood             text28       006A02
__end_of_cleanScreean          text48       006416
__end_of_delayMicro            text59       00602C
__end_of_delayMili             text51       006334
__end_of_digitalRead           text24       007914
__end_of_digitalWrite          text58       007DB0
__end_of_displayMenu           text4        006556
__end_of_displayMenuOption     text5        006F70
__end_of_displayScreen         text34       0066DA
__end_of_gameInit              text37       00609C
__end_of_gameOver              text25       006EAE
__end_of_gameStart             text31       00605A
__end_of_gameUpdate            text8        0077AA
__end_of_kpDebounce            text23       007524
__end_of_kpInit                text65       006366
__end_of_kpReadKey             text16       006AEE
__end_of_kpReadKeyDown         text15       0061DC
__end_of_lcdChar               text52       006104
__end_of_lcdCommand            text50       006122
__end_of_lcdInit               text40       006DF4
__end_of_lcdPosition           text35       0063DA
__end_of_lcdString             text33       006B6C
__end_of_main                  text0        006C90
__end_of_menuUpdate            text1        0072E2
__end_of_mixerGetOutput        text7        006030
__end_of_mixerGetSongName      text6        006064
__end_of_mixerInit             text60       0067EC
__end_of_mixerNextSong         text3        006452
__end_of_mixerRestart          text36       006086
__end_of_mixerSetOutput        text2        006046
__end_of_mixerStop             text14       006036
__end_of_mixerUpdate           text17       007042
__end_of_newGame               text42       0065E8
__end_of_notes_freq            mediumconst  007DED
__end_of_pacman_duration       mediumconst  007F8C
__end_of_pacman_notes          mediumconst  007FAB
__end_of_pacman_song_size      mediumconst  007FAE
__end_of_pinMode               text67       007B62
__end_of_pulseEnablePin        text57       006512
__end_of_pushByte              text53       006734
__end_of_pushNibble            text41       0061B6
__end_of_pwmFrequency          text63       00616A
__end_of_pwmInit               text62       0060CC
__end_of_pwmSet                text21       006922
__end_of_random                text45       006686
__end_of_readInput             text11       00765C
__end_of_readSerialController  text12       006304
__end_of_rendererInit          text39       0062AC
__end_of_rendererStart         text32       00678E
__end_of_replaceFood           text44       006204
__end_of_resetPoints           text43       0063A0
__end_of_serialInit            text61       0060E6
__end_of_serialRead            text13       0062D8
__end_of_serialSend            text20       0060B2
__end_of_setPixel              text49       0071F4
__end_of_soInit                text66       006490
__end_of_soWrite               text54       006636
__end_of_startNote             text19       00659C
__end_of_stopNote              text18       00622C
__end_of_sw_duration           mediumconst  007F15
__end_of_sw_notes              mediumconst  007F6D
__end_of_sw_song_size          mediumconst  007FAC
__end_of_tetris_duration       mediumconst  007E5A
__end_of_tetris_notes          mediumconst  007EBD
__end_of_tetris_song_size      mediumconst  007FAD
__end_of_timerInit             text38       00603E
__end_of_timerReset            text27       006144
__end_of_timerWait             text26       006074
__end_of_updateSnake           text9        007114
__initialization               cinit        006922
__mediumconst                  mediumconst  007DB0
__pbssBANK0                    bssBANK0     000080
__pbssBANK1                    bssBANK1     000100
__pbssCOMRAM                   bssCOMRAM    000001
__pcinit                       cinit        006922
__pcstackCOMRAM                cstackCOMRAM 000053
__pdataBANK0                   dataBANK0    0000BF
__pdataCOMRAM                  dataCOMRAM   00006F
__pidataBANK0                  idataBANK0   006491
__pidataCOMRAM                 idataCOMRAM  006047
__pmediumconst                 mediumconst  007DB0
__ptext0                       text0        006BF2
__ptext1                       text1        0071F4
__ptext10                      text10       006C90
__ptext11                      text11       007524
__ptext12                      text12       0062D8
__ptext13                      text13       0062AC
__ptext14                      text14       006030
__ptext15                      text15       0061B6
__ptext16                      text16       006A76
__ptext17                      text17       006F70
__ptext18                      text18       006204
__ptext19                      text19       006556
__ptext2                       text2        00603E
__ptext20                      text20       00609C
__ptext21                      text21       0068B6
__ptext22                      text22       006A02
__ptext23                      text23       0073EE
__ptext24                      text24       0077AA
__ptext25                      text25       006DF4
__ptext26                      text26       006064
__ptext27                      text27       006122
__ptext28                      text28       006990
__ptext29                      text29       006850
__ptext3                       text3        006416
__ptext30                      text30       006B6C
__ptext31                      text31       006050
__ptext32                      text32       006734
__ptext33                      text33       006AEE
__ptext34                      text34       006686
__ptext35                      text35       0063A0
__ptext36                      text36       006074
__ptext37                      text37       006086
__ptext38                      text38       006036
__ptext39                      text39       006280
__ptext4                       text4        006512
__ptext40                      text40       006D40
__ptext41                      text41       006190
__ptext42                      text42       00659C
__ptext43                      text43       006366
__ptext44                      text44       0061DC
__ptext45                      text45       006636
__ptext46                      text46       00616A
__ptext47                      text47       0067EC
__ptext48                      text48       0063DA
__ptext49                      text49       007114
__ptext5                       text5        006EAE
__ptext50                      text50       006104
__ptext51                      text51       006304
__ptext52                      text52       0060E6
__ptext53                      text53       0066DA
__ptext54                      text54       0065E8
__ptext55                      text55       006256
__ptext56                      text56       00622C
__ptext57                      text57       0064D0
__ptext58                      text58       007B62
__ptext59                      text59       00602A
__ptext6                       text6        00605A
__ptext60                      text60       00678E
__ptext61                      text61       0060CC
__ptext62                      text62       0060B2
__ptext63                      text63       006144
__ptext64                      text64       0072E2
__ptext65                      text65       006334
__ptext66                      text66       006452
__ptext67                      text67       007914
__ptext7                       text7        00602C
__ptext8                       text8        00765C
__ptext9                       text9        007042
__ramtop                       ramtop       000600
__size_of_PulseClockData       (abs)        000000
__size_of_PulseEnClock         (abs)        000000
__size_of___aldiv              (abs)        000000
__size_of___awmod              (abs)        000000
__size_of___lwdiv              (abs)        000000
__size_of___lwmod              (abs)        000000
__size_of___wmul               (abs)        000000
__size_of_addPoint             (abs)        000000
__size_of_checkCollision       (abs)        000000
__size_of_checkFood            (abs)        000000
__size_of_cleanScreean         (abs)        000000
__size_of_delayMicro           (abs)        000000
__size_of_delayMili            (abs)        000000
__size_of_digitalRead          (abs)        000000
__size_of_digitalWrite         (abs)        000000
__size_of_displayMenu          (abs)        000000
__size_of_displayMenuOption    (abs)        000000
__size_of_displayScreen        (abs)        000000
__size_of_gameInit             (abs)        000000
__size_of_gameOver             (abs)        000000
__size_of_gameStart            (abs)        000000
__size_of_gameUpdate           (abs)        000000
__size_of_kpDebounce           (abs)        000000
__size_of_kpInit               (abs)        000000
__size_of_kpReadKey            (abs)        000000
__size_of_kpReadKeyDown        (abs)        000000
__size_of_lcdChar              (abs)        000000
__size_of_lcdCommand           (abs)        000000
__size_of_lcdInit              (abs)        000000
__size_of_lcdPosition          (abs)        000000
__size_of_lcdString            (abs)        000000
__size_of_main                 (abs)        000000
__size_of_menuUpdate           (abs)        000000
__size_of_mixerGetOutput       (abs)        000000
__size_of_mixerGetSongName     (abs)        000000
__size_of_mixerInit            (abs)        000000
__size_of_mixerNextSong        (abs)        000000
__size_of_mixerRestart         (abs)        000000
__size_of_mixerSetOutput       (abs)        000000
__size_of_mixerStop            (abs)        000000
__size_of_mixerUpdate          (abs)        000000
__size_of_newGame              (abs)        000000
__size_of_pinMode              (abs)        000000
__size_of_pulseEnablePin       (abs)        000000
__size_of_pushByte             (abs)        000000
__size_of_pushNibble           (abs)        000000
__size_of_pwmFrequency         (abs)        000000
__size_of_pwmInit              (abs)        000000
__size_of_pwmSet               (abs)        000000
__size_of_random               (abs)        000000
__size_of_readInput            (abs)        000000
__size_of_readSerialController (abs)        000000
__size_of_rendererInit         (abs)        000000
__size_of_rendererStart        (abs)        000000
__size_of_replaceFood          (abs)        000000
__size_of_resetPoints          (abs)        000000
__size_of_serialInit           (abs)        000000
__size_of_serialRead           (abs)        000000
__size_of_serialSend           (abs)        000000
__size_of_setPixel             (abs)        000000
__size_of_soInit               (abs)        000000
__size_of_soWrite              (abs)        000000
__size_of_startNote            (abs)        000000
__size_of_stopNote             (abs)        000000
__size_of_timerInit            (abs)        000000
__size_of_timerReset           (abs)        000000
__size_of_timerWait            (abs)        000000
__size_of_updateSnake          (abs)        000000
__smallconst                   smallconst   000000
_addPoint                      text29       006850
_charKey                       mediumconst  007DED
_checkCollision                text30       006B6C
_checkFood                     text28       006990
_cleanScreean                  text48       0063DA
_count                         bssCOMRAM    000034
_current_note                  bssCOMRAM    00003A
_delayMicro                    text59       00602A
_delayMili                     text51       006304
_digitalRead                   text24       0077AA
_digitalWrite                  text58       007B62
_direction                     dataCOMRAM   000074
_displayMenu                   text4        006512
_displayMenuOption             text5        006EAE
_displayScreen                 text34       006686
_food                          bssCOMRAM    00002B
_gameInit                      text37       006086
_gameOver                      text25       006DF4
_gameStart                     text31       006050
_gameUpdate                    text8        00765C
_keys                          bssCOMRAM    000031
_kpDebounce                    text23       0073EE
_kpInit                        text65       006334
_kpReadKey                     text16       006A76
_kpReadKeyDown                 text15       0061B6
_last_key                      bssCOMRAM    00003D
_lcdChar                       text52       0060E6
_lcdCommand                    text50       006104
_lcdInit                       text40       006D40
_lcdPosition                   text35       0063A0
_lcdString                     text33       006AEE
_main                          text0        006BF2
_menuUpdate                    text1        0071F4
_menu_opt                      bssCOMRAM    00003B
_mixerGetOutput                text7        00602C
_mixerGetSongName              text6        00605A
_mixerInit                     text60       00678E
_mixerNextSong                 text3        006416
_mixerRestart                  text36       006074
_mixerSetOutput                text2        00603E
_mixerStop                     text14       006030
_mixerUpdate                   text17       006F70
_mixer_output                  bssCOMRAM    000035
_moving                        dataCOMRAM   000075
_newGame                       text42       00659C
_note_time                     bssCOMRAM    000039
_notes_freq                    mediumconst  007DB1
_pacman_duration               mediumconst  007F6D
_pacman_notes                  mediumconst  007F8C
_pacman_song                   dataBANK0    0000E9
_pacman_song_size              mediumconst  007FAD
_pause_time                    bssCOMRAM    000038
_pinMode                       text67       007914
_playing_note                  bssCOMRAM    000037
_playlist                      bssBANK0     000080
_points                        dataCOMRAM   00006F
_pulseEnablePin                text57       0064D0
_pushByte                      text53       0066DA
_pushNibble                    text41       006190
_pwmFrequency                  text63       006144
_pwmInit                       text62       0060B2
_pwmSet                        text21       0068B6
_random                        text45       006636
_random_seed                   dataCOMRAM   000072
_readInput                     text11       007524
_readInput$569                 cstackCOMRAM 000065
_readInput$570                 cstackCOMRAM 000067
_readInput$571                 cstackCOMRAM 000069
_readInput$572                 cstackCOMRAM 00006B
_readSerialController          text12       0062D8
_rendererInit                  text39       006280
_rendererStart                 text32       006734
_replaceFood                   text44       0061DC
_resetPoints                   text43       006366
_screen                        bssBANK1     000100
_serialInit                    text61       0060CC
_serialRead                    text13       0062AC
_serialSend                    text20       00609C
_setPixel                      text49       007114
_snake                         bssCOMRAM    000001
_snake_size                    dataCOMRAM   000076
_soInit                        text66       006452
_soWrite                       text54       0065E8
_song                          bssCOMRAM    00003E
_song_idx                      bssCOMRAM    000036
_startNote                     text19       006556
_status                        dataCOMRAM   000077
_stopNote                      text18       006204
_sw_duration                   mediumconst  007EBD
_sw_notes                      mediumconst  007F15
_sw_song                       dataBANK0    0000BF
_sw_song_size                  mediumconst  007FAB
_tetris_duration               mediumconst  007DF7
_tetris_notes                  mediumconst  007E5A
_tetris_song                   dataBANK0    0000D4
_tetris_song_size              mediumconst  007FAC
_timerInit                     text38       006036
_timerReset                    text27       006122
_timerWait                     text26       006064
_updateSnake                   text9        007042
addPoint@i                     cstackCOMRAM 000054
checkCollision@i               cstackCOMRAM 000056
cleanScreean@x                 cstackCOMRAM 00006A
cleanScreean@y                 cstackCOMRAM 00006B
delayMicro@a                   cstackCOMRAM 000053
delayMili@a                    cstackCOMRAM 000053
delayMili@i                    cstackCOMRAM 000056
digitalRead@pin                cstackCOMRAM 000053
digitalWrite@pin               cstackCOMRAM 000053
digitalWrite@value             cstackCOMRAM 000055
displayMenuOption@opt          cstackCOMRAM 000069
end_of_initialization          cinit        006986
gameOver@i                     cstackCOMRAM 000069
gameOver@i_559                 cstackCOMRAM 000067
intlevel0                      text         000000
intlevel1                      text         000000
intlevel2                      text         000000
intlevel3                      text         000000
kpDebounce@i                   cstackCOMRAM 00005F
kpDebounce@newRead             bssCOMRAM    00002F
kpDebounce@oldRead             bssCOMRAM    00002D
kpDebounce@tempo               bssCOMRAM    00003C
kpReadKey@i                    cstackCOMRAM 000056
kpReadKeyDown@key              cstackCOMRAM 000058
lcdChar@value                  cstackCOMRAM 000060
lcdCommand@value               cstackCOMRAM 000060
lcdPosition@col                cstackCOMRAM 000063
lcdPosition@line               cstackCOMRAM 000061
lcdString@i                    cstackCOMRAM 000065
lcdString@msg                  cstackCOMRAM 000061
menuUpdate@key                 cstackCOMRAM 00006E
mixerSetOutput@out             cstackCOMRAM 000053
pinMode@pin                    cstackCOMRAM 000053
pinMode@type                   cstackCOMRAM 000055
pushByte@rs                    cstackCOMRAM 00005C
pushByte@value                 cstackCOMRAM 00005F
pushNibble@rs                  cstackCOMRAM 00005C
pushNibble@value               cstackCOMRAM 00005E
pwmFrequency@freq              cstackCOMRAM 000061
pwmSet@porcento                cstackCOMRAM 00005C
pwmSet@val                     cstackCOMRAM 00005D
readInput@key                  cstackCOMRAM 00006D
readSerialController@key       cstackCOMRAM 000054
readSerialController@last_key  bssCOMRAM    000033
rendererInit@i                 cstackCOMRAM 00006C
resetPoints@i                  cstackCOMRAM 000053
serialRead@resp                cstackCOMRAM 000053
serialSend@c                   cstackCOMRAM 000053
setPixel@i                     cstackCOMRAM 000067
setPixel@val                   cstackCOMRAM 000062
setPixel@x                     cstackCOMRAM 000069
setPixel@x_                    cstackCOMRAM 000066
setPixel@y                     cstackCOMRAM 000061
soWrite@i                      cstackCOMRAM 00005B
soWrite@value                  cstackCOMRAM 000059
stackhi                        (abs)        0005FF
stacklo                        (abs)        000130
start                          init         000000
startNote@note                 cstackCOMRAM 000063
start_initialization           cinit        006922
timerReset@ciclos              cstackCOMRAM 000055
timerReset@tempo               cstackCOMRAM 000053
updateSnake@i                  cstackCOMRAM 00005B


FUNCTION INFORMATION:

 *************** function _main *****************
 Defined at:
		line 88 in file "main.c"
 Parameters:    Size  Location     Type
		None
 Auto vars:     Size  Location     Type
		None
 Return value:  Size  Location     Type
                  1    wreg      void 
 Registers used:
		wreg, fsr0l, fsr0h, fsr1l, fsr1h, fsr2l, fsr2h, status,2, status,0, tblptrl, tblptrh, tblptru, prodl, prodh, cstack
 Tracked objects:
		On entry : 
		On exit  : 
		Unchanged: 
 Data sizes:     COMRAM   BANK0   BANK1   BANK2   BANK3   BANK4   BANK5
      Params:         0       0       0       0       0       0       0
      Locals:         0       0       0       0       0       0       0
      Temps:          0       0       0       0       0       0       0
      Totals:         0       0       0       0       0       0       0
Total ram usage:        0 bytes
 Hardware stack levels required when called:    9
 This function calls:
		_displayMenu
		_gameInit
		_gameStart
		_gameUpdate
		_menuUpdate
		_newGame
 This function is called by:
		Startup code after reset
 This function uses a non-reentrant model


 *************** function _menuUpdate *****************
 Defined at:
		line 42 in file "main.c"
 Parameters:    Size  Location     Type
		None
 Auto vars:     Size  Location     Type
  key             1   27[COMRAM] unsigned char 
 Return value:  Size  Location     Type
                  1    wreg      unsigned char 
 Registers used:
		wreg, fsr0l, fsr0h, fsr1l, fsr1h, fsr2l, fsr2h, status,2, status,0, tblptrl, tblptrh, tblptru, prodl, prodh, cstack
 Tracked objects:
		On entry : 
		On exit  : 
		Unchanged: 
 Data sizes:     COMRAM   BANK0   BANK1   BANK2   BANK3   BANK4   BANK5
      Params:         0       0       0       0       0       0       0
      Locals:         1       0       0       0       0       0       0
      Temps:          2       0       0       0       0       0       0
      Totals:         3       0       0       0       0       0       0
Total ram usage:        3 bytes
 Hardware stack levels used:    1
 Hardware stack levels required when called:    8
 This function calls:
		_displayMenu
		_kpDebounce
		_kpReadKey
		_kpReadKeyDown
		_mixerGetOutput
		_mixerNextSong
		_mixerSetOutput
		_newGame
 This function is called by:
		_main
 This function uses a non-reentrant model


 *************** function _mixerSetOutput *****************
 Defined at:
		line 33 in file "mixer.c"
 Parameters:    Size  Location     Type
  out             1    wreg     unsigned char 
 Auto vars:     Size  Location     Type
  out             1    0[COMRAM] unsigned char 
 Return value:  Size  Location     Type
                  1    wreg      void 
 Registers used:
		wreg
 Tracked objects:
		On entry : 
		On exit  : 
		Unchanged: 
 Data sizes:     COMRAM   BANK0   BANK1   BANK2   BANK3   BANK4   BANK5
      Params:         0       0       0       0       0       0       0
      Locals:         1       0       0       0       0       0       0
      Temps:          0       0       0       0       0       0       0
      Totals:         1       0       0       0       0       0       0
Total ram usage:        1 bytes
 Hardware stack levels used:    1
 This function calls:
		Nothing
 This function is called by:
		_menuUpdate
 This function uses a non-reentrant model


 *************** function _mixerNextSong *****************
 Defined at:
		line 87 in file "mixer.c"
 Parameters:    Size  Location     Type
		None
 Auto vars:     Size  Location     Type
		None
 Return value:  Size  Location     Type
                  1    wreg      void 
 Registers used:
		wreg, fsr1l, fsr1h, fsr2l, fsr2h, status,2, status,0, prodl, prodh, cstack
 Tracked objects:
		On entry : 
		On exit  : 
		Unchanged: 
 Data sizes:     COMRAM   BANK0   BANK1   BANK2   BANK3   BANK4   BANK5
      Params:         0       0       0       0       0       0       0
      Locals:         0       0       0       0       0       0       0
      Temps:          0       0       0       0       0       0       0
      Totals:         0       0       0       0       0       0       0
Total ram usage:        0 bytes
 Hardware stack levels used:    1
 Hardware stack levels required when called:    1
 This function calls:
		___awmod
 This function is called by:
		_menuUpdate
 This function uses a non-reentrant model


 *************** function _displayMenu *****************
 Defined at:
		line 33 in file "main.c"
 Parameters:    Size  Location     Type
		None
 Auto vars:     Size  Location     Type
		None
 Return value:  Size  Location     Type
                  1    wreg      void 
 Registers used:
		wreg, fsr0l, fsr0h, status,2, status,0, tblptrl, tblptrh, tblptru, cstack
 Tracked objects:
		On entry : 
		On exit  : 
		Unchanged: 
 Data sizes:     COMRAM   BANK0   BANK1   BANK2   BANK3   BANK4   BANK5
      Params:         2       0       0       0       0       0       0
      Locals:         0       0       0       0       0       0       0
      Temps:          0       0       0       0       0       0       0
      Totals:         2       0       0       0       0       0       0
Total ram usage:        2 bytes
 Hardware stack levels used:    1
 Hardware stack levels required when called:    7
 This function calls:
		_displayMenuOption
		_lcdChar
		_lcdCommand
		_lcdPosition
 This function is called by:
		_menuUpdate
		_main
 This function uses a non-reentrant model


 *************** function _displayMenuOption *****************
 Defined at:
		line 10 in file "main.c"
 Parameters:    Size  Location     Type
  opt             1    wreg     unsigned char 
 Auto vars:     Size  Location     Type
  opt             1   22[COMRAM] unsigned char 
 Return value:  Size  Location     Type
                  1    wreg      void 
 Registers used:
		wreg, fsr0l, fsr0h, status,2, status,0, tblptrl, tblptrh, tblptru, cstack
 Tracked objects:
		On entry : 
		On exit  : 
		Unchanged: 
 Data sizes:     COMRAM   BANK0   BANK1   BANK2   BANK3   BANK4   BANK5
      Params:         0       0       0       0       0       0       0
      Locals:         1       0       0       0       0       0       0
      Temps:          2       0       0       0       0       0       0
      Totals:         3       0       0       0       0       0       0
Total ram usage:        3 bytes
 Hardware stack levels used:    1
 Hardware stack levels required when called:    6
 This function calls:
		_lcdString
		_mixerGetOutput
		_mixerGetSongName
 This function is called by:
		_displayMenu
 This function uses a non-reentrant model


 *************** function _mixerGetSongName *****************
 Defined at:
		line 92 in file "mixer.c"
 Parameters:    Size  Location     Type
		None
 Auto vars:     Size  Location     Type
		None
 Return value:  Size  Location     Type
                  2    0[COMRAM] PTR unsigned char 
 Registers used:
		wreg, status,2, status,0
 Tracked objects:
		On entry : 
		On exit  : 
		Unchanged: 
 Data sizes:     COMRAM   BANK0   BANK1   BANK2   BANK3   BANK4   BANK5
      Params:         2       0       0       0       0       0       0
      Locals:         0       0       0       0       0       0       0
      Temps:          0       0       0       0       0       0       0
      Totals:         2       0       0       0       0       0       0
Total ram usage:        2 bytes
 Hardware stack levels used:    1
 This function calls:
		Nothing
 This function is called by:
		_displayMenuOption
 This function uses a non-reentrant model


 *************** function _mixerGetOutput *****************
 Defined at:
		line 37 in file "mixer.c"
 Parameters:    Size  Location     Type
		None
 Auto vars:     Size  Location     Type
		None
 Return value:  Size  Location     Type
                  1    wreg      unsigned char 
 Registers used:
		wreg, status,2
 Tracked objects:
		On entry : 
		On exit  : 
		Unchanged: 
 Data sizes:     COMRAM   BANK0   BANK1   BANK2   BANK3   BANK4   BANK5
      Params:         0       0       0       0       0       0       0
      Locals:         0       0       0       0       0       0       0
      Temps:          0       0       0       0       0       0       0
      Totals:         0       0       0       0       0       0       0
Total ram usage:        0 bytes
 Hardware stack levels used:    1
 This function calls:
		Nothing
 This function is called by:
		_displayMenuOption
		_menuUpdate
 This function uses a non-reentrant model


 *************** function _gameUpdate *****************
 Defined at:
		line 211 in file "game.c"
 Parameters:    Size  Location     Type
		None
 Auto vars:     Size  Location     Type
		None
 Return value:  Size  Location     Type
                  1    wreg      unsigned char 
 Registers used:
		wreg, fsr0l, fsr0h, fsr1l, fsr1h, fsr2l, fsr2h, status,2, status,0, tblptrl, tblptrh, tblptru, prodl, prodh, cstack
 Tracked objects:
		On entry : 
		On exit  : 
		Unchanged: 
 Data sizes:     COMRAM   BANK0   BANK1   BANK2   BANK3   BANK4   BANK5
      Params:         0       0       0       0       0       0       0
      Locals:         0       0       0       0       0       0       0
      Temps:          0       0       0       0       0       0       0
      Totals:         0       0       0       0       0       0       0
Total ram usage:        0 bytes
 Hardware stack levels used:    1
 Hardware stack levels required when called:    7
 This function calls:
		_checkCollision
		_checkFood
		_gameOver
		_kpDebounce
		_lcdChar
		_lcdCommand
		_mixerUpdate
		_readInput
		_setPixel
		_timerReset
		_timerWait
		_updateSnake
 This function is called by:
		_main
 This function uses a non-reentrant model


 *************** function _updateSnake *****************
 Defined at:
		line 97 in file "game.c"
 Parameters:    Size  Location     Type
		None
 Auto vars:     Size  Location     Type
  i               1    8[COMRAM] unsigned char 
 Return value:  Size  Location     Type
                  1    wreg      void 
 Registers used:
		wreg, fsr1l, fsr1h, fsr2l, fsr2h, status,2, status,0, prodl, prodh, cstack
 Tracked objects:
		On entry : 
		On exit  : 
		Unchanged: 
 Data sizes:     COMRAM   BANK0   BANK1   BANK2   BANK3   BANK4   BANK5
      Params:         0       0       0       0       0       0       0
      Locals:         1       0       0       0       0       0       0
      Temps:          2       0       0       0       0       0       0
      Totals:         3       0       0       0       0       0       0
Total ram usage:        3 bytes
 Hardware stack levels used:    1
 Hardware stack levels required when called:    1
 This function calls:
		___awmod
 This function is called by:
		_gameUpdate
 This function uses a non-reentrant model


 *************** function ___awmod *****************
 Defined at:
		line 7 in file "C:\Program Files\Microchip\xc8\v2.31\pic\sources\c99\common\awmod.c"
 Parameters:    Size  Location     Type
  dividend        2    0[COMRAM] int 
  divisor         2    2[COMRAM] int 
 Auto vars:     Size  Location     Type
  sign            1    5[COMRAM] unsigned char 
  counter         1    4[COMRAM] unsigned char 
 Return value:  Size  Location     Type
                  2    0[COMRAM] int 
 Registers used:
		wreg, status,2, status,0
 Tracked objects:
		On entry : 
		On exit  : 
		Unchanged: 
 Data sizes:     COMRAM   BANK0   BANK1   BANK2   BANK3   BANK4   BANK5
      Params:         4       0       0       0       0       0       0
      Locals:         2       0       0       0       0       0       0
      Temps:          0       0       0       0       0       0       0
      Totals:         6       0       0       0       0       0       0
Total ram usage:        6 bytes
 Hardware stack levels used:    1
 This function calls:
		Nothing
 This function is called by:
		_mixerNextSong
		_updateSnake
 This function uses a non-reentrant model


 *************** function _readInput *****************
 Defined at:
		line 153 in file "game.c"
 Parameters:    Size  Location     Type
		None
 Auto vars:     Size  Location     Type
  key             1   26[COMRAM] unsigned char 
 Return value:  Size  Location     Type
                  1    wreg      unsigned char 
 Registers used:
		wreg, status,2, status,0, tblptrl, tblptrh, tblptru, cstack
 Tracked objects:
		On entry : 
		On exit  : 
		Unchanged: 
 Data sizes:     COMRAM   BANK0   BANK1   BANK2   BANK3   BANK4   BANK5
      Params:         0       0       0       0       0       0       0
      Locals:         9       0       0       0       0       0       0
      Temps:          2       0       0       0       0       0       0
      Totals:        11       0       0       0       0       0       0
Total ram usage:       11 bytes
 Hardware stack levels used:    1
 Hardware stack levels required when called:    4
 This function calls:
		_kpReadKeyDown
		_mixerStop
		_readSerialController
 This function is called by:
		_gameUpdate
 This function uses a non-reentrant model


 *************** function _readSerialController *****************
 Defined at:
		line 142 in file "game.c"
 Parameters:    Size  Location     Type
		None
 Auto vars:     Size  Location     Type
  key             1    1[COMRAM] unsigned char 
 Return value:  Size  Location     Type
                  1    wreg      unsigned char 
 Registers used:
		wreg, status,2, status,0, cstack
 Tracked objects:
		On entry : 
		On exit  : 
		Unchanged: 
 Data sizes:     COMRAM   BANK0   BANK1   BANK2   BANK3   BANK4   BANK5
      Params:         0       0       0       0       0       0       0
      Locals:         1       0       0       0       0       0       0
      Temps:          0       0       0       0       0       0       0
      Totals:         1       0       0       0       0       0       0
Total ram usage:        1 bytes
 Hardware stack levels used:    1
 Hardware stack levels required when called:    1
 This function calls:
		_serialRead
		_serialSend
 This function is called by:
		_readInput
 This function uses a non-reentrant model


 *************** function _serialRead *****************
 Defined at:
		line 30 in file "serial.c"
 Parameters:    Size  Location     Type
		None
 Auto vars:     Size  Location     Type
  resp            1    0[COMRAM] unsigned char 
 Return value:  Size  Location     Type
                  1    wreg      unsigned char 
 Registers used:
		wreg, status,2, status,0
 Tracked objects:
		On entry : 
		On exit  : 
		Unchanged: 
 Data sizes:     COMRAM   BANK0   BANK1   BANK2   BANK3   BANK4   BANK5
      Params:         0       0       0       0       0       0       0
      Locals:         1       0       0       0       0       0       0
      Temps:          0       0       0       0       0       0       0
      Totals:         1       0       0       0       0       0       0
Total ram usage:        1 bytes
 Hardware stack levels used:    1
 This function calls:
		Nothing
 This function is called by:
		_readSerialController
 This function uses a non-reentrant model


 *************** function _mixerStop *****************
 Defined at:
		line 58 in file "mixer.c"
 Parameters:    Size  Location     Type
		None
 Auto vars:     Size  Location     Type
		None
 Return value:  Size  Location     Type
                  1    wreg      void 
 Registers used:
		wreg, status,2, status,0, cstack
 Tracked objects:
		On entry : 
		On exit  : 
		Unchanged: 
 Data sizes:     COMRAM   BANK0   BANK1   BANK2   BANK3   BANK4   BANK5
      Params:         0       0       0       0       0       0       0
      Locals:         0       0       0       0       0       0       0
      Temps:          0       0       0       0       0       0       0
      Totals:         0       0       0       0       0       0       0
Total ram usage:        0 bytes
 Hardware stack levels used:    1
 Hardware stack levels required when called:    3
 This function calls:
		_stopNote
 This function is called by:
		_readInput
 This function uses a non-reentrant model


 *************** function _kpReadKeyDown *****************
 Defined at:
		line 30 in file "keypad.c"
 Parameters:    Size  Location     Type
		None
 Auto vars:     Size  Location     Type
  key             1    5[COMRAM] unsigned char 
 Return value:  Size  Location     Type
                  1    wreg      unsigned char 
 Registers used:
		wreg, status,2, status,0, tblptrl, tblptrh, tblptru, cstack
 Tracked objects:
		On entry : 
		On exit  : 
		Unchanged: 
 Data sizes:     COMRAM   BANK0   BANK1   BANK2   BANK3   BANK4   BANK5
      Params:         0       0       0       0       0       0       0
      Locals:         1       0       0       0       0       0       0
      Temps:          0       0       0       0       0       0       0
[...]
      Params:         2       0       0       0       0       0       0
      Locals:         1       0       0       0       0       0       0
      Temps:          1       0       0       0       0       0       0
      Totals:         4       0       0       0       0       0       0
Total ram usage:        4 bytes
 Hardware stack levels used:    1
 Hardware stack levels required when called:    3
 This function calls:
		_digitalWrite
		_pulseEnablePin
		_soWrite
 This function is called by:
		_lcdCommand
		_lcdChar
 This function uses a non-reentrant model


 *************** function _soWrite *****************
 Defined at:
		line 18 in file "so.c"
 Parameters:    Size  Location     Type
  value           2    6[COMRAM] int 
 Auto vars:     Size  Location     Type
  i               1    8[COMRAM] unsigned char 
 Return value:  Size  Location     Type
                  1    wreg      void 
 Registers used:
		wreg, status,2, status,0, cstack
 Tracked objects:
		On entry : 
		On exit  : 
		Unchanged: 
 Data sizes:     COMRAM   BANK0   BANK1   BANK2   BANK3   BANK4   BANK5
      Params:         2       0       0       0       0       0       0
      Locals:         1       0       0       0       0       0       0
      Temps:          0       0       0       0       0       0       0
      Totals:         3       0       0       0       0       0       0
Total ram usage:        3 bytes
 Hardware stack levels used:    1
 Hardware stack levels required when called:    2
 This function calls:
		_PulseClockData
		_PulseEnClock
		_digitalWrite
 This function is called by:
		_kpDebounce
		_pushNibble
		_pushByte
 This function uses a non-reentrant model


 *************** function _PulseEnClock *****************
 Defined at:
		line 9 in file "so.c"
 Parameters:    Size  Location     Type
		None
 Auto vars:     Size  Location     Type
		None
 Return value:  Size  Location     Type
                  1    wreg      void 
 Registers used:
		wreg, status,2, status,0, cstack
 Tracked objects:
		On entry : 
		On exit  : 
		Unchanged: 
 Data sizes:     COMRAM   BANK0   BANK1   BANK2   BANK3   BANK4   BANK5
      Params:         0       0       0       0       0       0       0
      Locals:         0       0       0       0       0       0       0
      Temps:          0       0       0       0       0       0       0
      Totals:         0       0       0       0       0       0       0
Total ram usage:        0 bytes
 Hardware stack levels used:    1
 Hardware stack levels required when called:    1
 This function calls:
		_digitalWrite
 This function is called by:
		_soWrite
 This function uses a non-reentrant model


 *************** function _PulseClockData *****************
 Defined at:
		line 14 in file "so.c"
 Parameters:    Size  Location     Type
		None
 Auto vars:     Size  Location     Type
		None
 Return value:  Size  Location     Type
                  1    wreg      void 
 Registers used:
		wreg, status,2, status,0, cstack
 Tracked objects:
		On entry : 
		On exit  : 
		Unchanged: 
 Data sizes:     COMRAM   BANK0   BANK1   BANK2   BANK3   BANK4   BANK5
      Params:         0       0       0       0       0       0       0
      Locals:         0       0       0       0       0       0       0
      Temps:          0       0       0       0       0       0       0
      Totals:         0       0       0       0       0       0       0
Total ram usage:        0 bytes
 Hardware stack levels used:    1
 Hardware stack levels required when called:    1
 This function calls:
		_digitalWrite
 This function is called by:
		_soWrite
 This function uses a non-reentrant model


 *************** function _pulseEnablePin *****************
 Defined at:
		line 18 in file "lcd.c"
 Parameters:    Size  Location     Type
		None
 Auto vars:     Size  Location     Type
		None
 Return value:  Size  Location     Type
                  1    wreg      void 
 Registers used:
		wreg, status,2, status,0, cstack
 Tracked objects:
		On entry : 
		On exit  : 
		Unchanged: 
 Data sizes:     COMRAM   BANK0   BANK1   BANK2   BANK3   BANK4   BANK5
      Params:         0       0       0       0       0       0       0
      Locals:         0       0       0       0       0       0       0
      Temps:          0       0       0       0       0       0       0
      Totals:         0       0       0       0       0       0       0
Total ram usage:        0 bytes
 Hardware stack levels used:    1
 Hardware stack levels required when called:    1
 This function calls:
		_delayMicro
		_digitalWrite
 This function is called by:
		_pushNibble
		_pushByte
 This function uses a non-reentrant model


 *************** function _digitalWrite *****************
 Defined at:
		line 14 in file "io.c"
 Parameters:    Size  Location     Type
  pin             2    0[COMRAM] int 
  value           2    2[COMRAM] int 
 Auto vars:     Size  Location     Type
		None
 Return value:  Size  Location     Type
                  1    wreg      void 
 Registers used:
		wreg, status,2, status,0
 Tracked objects:
		On entry : 
		On exit  : 
		Unchanged: 
 Data sizes:     COMRAM   BANK0   BANK1   BANK2   BANK3   BANK4   BANK5
      Params:         4       0       0       0       0       0       0
      Locals:         0       0       0       0       0       0       0
      Temps:          2       0       0       0       0       0       0
      Totals:         6       0       0       0       0       0       0
Total ram usage:        6 bytes
 Hardware stack levels used:    1
 This function calls:
		Nothing
 This function is called by:
		_pulseEnablePin
		_pushNibble
		_pushByte
		_PulseEnClock
		_PulseClockData
		_soWrite
 This function uses a non-reentrant model


 *************** function _delayMicro *****************
 Defined at:
		line 5 in file "lcd.c"
 Parameters:    Size  Location     Type
  a               2    0[COMRAM] int 
 Auto vars:     Size  Location     Type
  i               2    0        volatile int 
 Return value:  Size  Location     Type
                  1    wreg      void 
 Registers used:
		None
 Tracked objects:
		On entry : 
		On exit  : 
		Unchanged: 
 Data sizes:     COMRAM   BANK0   BANK1   BANK2   BANK3   BANK4   BANK5
      Params:         2       0       0       0       0       0       0
      Locals:         0       0       0       0       0       0       0
      Temps:          0       0       0       0       0       0       0
      Totals:         2       0       0       0       0       0       0
Total ram usage:        2 bytes
 Hardware stack levels used:    1
 This function calls:
		Nothing
 This function is called by:
		_pulseEnablePin
		_lcdChar
		_lcdInit
 This function uses a non-reentrant model


 *************** function _mixerInit *****************
 Defined at:
		line 15 in file "mixer.c"
 Parameters:    Size  Location     Type
		None
 Auto vars:     Size  Location     Type
		None
 Return value:  Size  Location     Type
                  1    wreg      void 
 Registers used:
		wreg, fsr1l, fsr1h, fsr2l, fsr2h, status,2, status,0, prodl, prodh, cstack
 Tracked objects:
		On entry : 
		On exit  : 
		Unchanged: 
 Data sizes:     COMRAM   BANK0   BANK1   BANK2   BANK3   BANK4   BANK5
      Params:         0       0       0       0       0       0       0
      Locals:         0       0       0       0       0       0       0
      Temps:          0       0       0       0       0       0       0
      Totals:         0       0       0       0       0       0       0
Total ram usage:        0 bytes
 Hardware stack levels used:    1
 Hardware stack levels required when called:    3
 This function calls:
		_pwmInit
		_serialInit
 This function is called by:
		_gameInit
 This function uses a non-reentrant model


 *************** function _serialInit *****************
 Defined at:
		line 48 in file "serial.c"
 Parameters:    Size  Location     Type
		None
 Auto vars:     Size  Location     Type
		None
 Return value:  Size  Location     Type
                  1    wreg      void 
 Registers used:
		wreg, status,2, status,0
 Tracked objects:
		On entry : 
		On exit  : 
		Unchanged: 
 Data sizes:     COMRAM   BANK0   BANK1   BANK2   BANK3   BANK4   BANK5
      Params:         0       0       0       0       0       0       0
      Locals:         0       0       0       0       0       0       0
      Temps:          0       0       0       0       0       0       0
      Totals:         0       0       0       0       0       0       0
Total ram usage:        0 bytes
 Hardware stack levels used:    1
 This function calls:
		Nothing
 This function is called by:
		_mixerInit
 This function uses a non-reentrant model


 *************** function _pwmInit *****************
 Defined at:
		line 51 in file "pwm.c"
 Parameters:    Size  Location     Type
		None
 Auto vars:     Size  Location     Type
		None
 Return value:  Size  Location     Type
                  1    wreg      void 
 Registers used:
		wreg, status,2, status,0, cstack
 Tracked objects:
		On entry : 
		On exit  : 
		Unchanged: 
 Data sizes:     COMRAM   BANK0   BANK1   BANK2   BANK3   BANK4   BANK5
      Params:         0       0       0       0       0       0       0
      Locals:         0       0       0       0       0       0       0
      Temps:          0       0       0       0       0       0       0
      Totals:         0       0       0       0       0       0       0
Total ram usage:        0 bytes
 Hardware stack levels used:    1
 Hardware stack levels required when called:    2
 This function calls:
		_pwmFrequency
 This function is called by:
		_mixerInit
 This function uses a non-reentrant model


 *************** function _pwmFrequency *****************
 Defined at:
		line 44 in file "pwm.c"
 Parameters:    Size  Location     Type
  freq            2   14[COMRAM] unsigned int 
 Auto vars:     Size  Location     Type
		None
 Return value:  Size  Location     Type
                  1    wreg      void 
 Registers used:
		wreg, status,2, status,0, cstack
 Tracked objects:
		On entry : 
		On exit  : 
		Unchanged: 
 Data sizes:     COMRAM   BANK0   BANK1   BANK2   BANK3   BANK4   BANK5
      Params:         2       0       0       0       0       0       0
      Locals:         0       0       0       0       0       0       0
      Temps:          0       0       0       0       0       0       0
      Totals:         2       0       0       0       0       0       0
Total ram usage:        2 bytes
 Hardware stack levels used:    1
 Hardware stack levels required when called:    1
 This function calls:
		___aldiv
 This function is called by:
		_startNote
		_stopNote
		_pwmInit
 This function uses a non-reentrant model


 *************** function ___aldiv *****************
 Defined at:
		line 7 in file "C:\Program Files\Microchip\xc8\v2.31\pic\sources\c99\common\aldiv.c"
 Parameters:    Size  Location     Type
  dividend        4    0[COMRAM] long 
  divisor         4    4[COMRAM] long 
 Auto vars:     Size  Location     Type
  quotient        4   10[COMRAM] long 
  sign            1    9[COMRAM] unsigned char 
  counter         1    8[COMRAM] unsigned char 
 Return value:  Size  Location     Type
                  4    0[COMRAM] long 
 Registers used:
		wreg, status,2, status,0
 Tracked objects:
		On entry : 
		On exit  : 
		Unchanged: 
 Data sizes:     COMRAM   BANK0   BANK1   BANK2   BANK3   BANK4   BANK5
      Params:         8       0       0       0       0       0       0
      Locals:         6       0       0       0       0       0       0
      Temps:          0       0       0       0       0       0       0
      Totals:        14       0       0       0       0       0       0
Total ram usage:       14 bytes
 Hardware stack levels used:    1
 This function calls:
		Nothing
 This function is called by:
		_pwmFrequency
 This function uses a non-reentrant model


 *************** function _kpInit *****************
 Defined at:
		line 67 in file "keypad.c"
 Parameters:    Size  Location     Type
		None
 Auto vars:     Size  Location     Type
		None
 Return value:  Size  Location     Type
                  1    wreg      void 
 Registers used:
		wreg, status,2, status,0, cstack
 Tracked objects:
		On entry : 
		On exit  : 
		Unchanged: 
 Data sizes:     COMRAM   BANK0   BANK1   BANK2   BANK3   BANK4   BANK5
      Params:         0       0       0       0       0       0       0
      Locals:         0       0       0       0       0       0       0
      Temps:          0       0       0       0       0       0       0
      Totals:         0       0       0       0       0       0       0
Total ram usage:        0 bytes
 Hardware stack levels used:    1
 Hardware stack levels required when called:    2
 This function calls:
		_pinMode
		_soInit
 This function is called by:
		_gameInit
 This function uses a non-reentrant model


 *************** function _soInit *****************
 Defined at:
		line 3 in file "so.c"
 Parameters:    Size  Location     Type
		None
 Auto vars:     Size  Location     Type
		None
 Return value:  Size  Location     Type
                  1    wreg      void 
 Registers used:
		wreg, status,2, status,0, cstack
 Tracked objects:
		On entry : 
		On exit  : 
		Unchanged: 
 Data sizes:     COMRAM   BANK0   BANK1   BANK2   BANK3   BANK4   BANK5
      Params:         0       0       0       0       0       0       0
      Locals:         0       0       0       0       0       0       0
      Temps:          0       0       0       0       0       0       0
      Totals:         0       0       0       0       0       0       0
Total ram usage:        0 bytes
 Hardware stack levels used:    1
 Hardware stack levels required when called:    1
 This function calls:
		_pinMode
 This function is called by:
		_kpInit
		_lcdInit
 This function uses a non-reentrant model


 *************** function _pinMode *****************
 Defined at:
		line 54 in file "io.c"
 Parameters:    Size  Location     Type
  pin             2    0[COMRAM] int 
  type            2    2[COMRAM] int 
 Auto vars:     Size  Location     Type
		None
 Return value:  Size  Location     Type
                  1    wreg      void 
 Registers used:
		wreg, status,2, status,0
 Tracked objects:
		On entry : 
		On exit  : 
		Unchanged: 
 Data sizes:     COMRAM   BANK0   BANK1   BANK2   BANK3   BANK4   BANK5
      Params:         4       0       0       0       0       0       0
      Locals:         0       0       0       0       0       0       0
      Temps:          2       0       0       0       0       0       0
      Totals:         6       0       0       0       0       0       0
Total ram usage:        6 bytes
 Hardware stack levels used:    1
 This function calls:
		Nothing
 This function is called by:
		_kpInit
		_lcdInit
		_soInit
 This function uses a non-reentrant model



MODULE INFORMATION

Module		Function		Class		Link	Load	Size
serial.c
		_serialSend    		CODE           	609C	0000	22
		_serialInit    		CODE           	60CC	0000	26
		_serialRead    		CODE           	62AC	0000	44

serial.c estimated size: 92

keypad.c
		_kpInit        		CODE           	6334	0000	50
		_kpReadKey     		CODE           	6A76	0000	120
		_kpReadKeyDown 		CODE           	61B6	0000	38
		_kpDebounce    		CODE           	73EE	0000	310

keypad.c estimated size: 518

so.c
		_soInit        		CODE           	6452	0000	62
		_soWrite       		CODE           	65E8	0000	78
		_PulseEnClock  		CODE           	6256	0000	42
		_PulseClockData		CODE           	622C	0000	42

so.c estimated size: 224

io.c
		_digitalRead   		CODE           	77AA	0000	362
		_digitalWrite  		CODE           	7B62	0000	590
		_pinMode       		CODE           	7914	0000	590

io.c estimated size: 1542

timer.c
		_timerWait     		CODE           	6064	0000	16
		_timerReset    		CODE           	6122	0000	34
		_timerInit     		CODE           	6036	0000	8

timer.c estimated size: 58

C:\Program Files\Microchip\xc8\v2.31\pic\sources\c99\common\lwmod.c
		___lwmod       		CODE           	67EC	0000	100

C:\Program Files\Microchip\xc8\v2.31\pic\sources\c99\common\lwmod.c estimated size: 100

C:\Program Files\Microchip\xc8\v2.31\pic\sources\c99\common\awmod.c
		___awmod       		CODE           	6C90	0000	176

C:\Program Files\Microchip\xc8\v2.31\pic\sources\c99\common\awmod.c estimated size: 176

pwm.c
		_pwmInit       		CODE           	60B2	0000	26
		_pwmFrequency  		CODE           	6144	0000	38
		_pwmSet        		CODE           	68B6	0000	108

pwm.c estimated size: 172

renderer.c
		_rendererStart 		CODE           	6734	0000	90
		_setPixel      		CODE           	7114	0000	224
		_displayScreen 		CODE           	6686	0000	84
		_cleanScreean  		CODE           	63DA	0000	60
		_rendererInit  		CODE           	6280	0000	44

renderer.c estimated size: 502

shared
		_pacman_song_size		MEDIUMCONST    	7FAD	0000	1
		_charKey       		MEDIUMCONST    	7DED	0000	10
		_tetris_notes  		MEDIUMCONST    	7E5A	0000	99
		_tetris_song_size		MEDIUMCONST    	7FAC	0000	1
		_pacman_duration		MEDIUMCONST    	7F6D	0000	31
		__initialization		CODE           	6922	0000	100
		_sw_duration   		MEDIUMCONST    	7EBD	0000	88
		_sw_song_size  		MEDIUMCONST    	7FAB	0000	1
		_tetris_duration		MEDIUMCONST    	7DF7	0000	99
		_sw_notes      		MEDIUMCONST    	7F15	0000	88
		_pacman_notes  		MEDIUMCONST    	7F8C	0000	31
		_notes_freq    		MEDIUMCONST    	7DB1	0000	60

shared estimated size: 609

mixer.c
		_mixerGetOutput		CODE           	602C	0000	4
		_mixerUpdate   		CODE           	6F70	0000	210
		_mixerSetOutput		CODE           	603E	0000	8
		_mixerStop     		CODE           	6030	0000	6
		_mixerNextSong 		CODE           	6416	0000	60
		_stopNote      		CODE           	6204	0000	40
		_mixerRestart  		CODE           	6074	0000	18
		_mixerInit     		CODE           	678E	0000	94
		_startNote     		CODE           	6556	0000	70
		_mixerGetSongName		CODE           	605A	0000	10

mixer.c estimated size: 520

game.c
		_checkFood     		CODE           	6990	0000	114
		_updateSnake   		CODE           	7042	0000	210
		_gameInit      		CODE           	6086	0000	22
		_random        		CODE           	6636	0000	80
		_gameOver      		CODE           	6DF4	0000	186
		_newGame       		CODE           	659C	0000	76
		_addPoint      		CODE           	6850	0000	102
		_checkCollision		CODE           	6B6C	0000	134
		_readSerialController		CODE           	62D8	0000	44
		_gameStart     		CODE           	6050	0000	10
		_gameUpdate    		CODE           	765C	0000	334
		_readInput     		CODE           	7524	0000	312
		_replaceFood   		CODE           	61DC	0000	40
		_resetPoints   		CODE           	6366	0000	58

game.c estimated size: 1722

C:\Program Files\Microchip\xc8\v2.31\pic\sources\c99\common\lwdiv.c
		___lwdiv       		CODE           	6A02	0000	116

C:\Program Files\Microchip\xc8\v2.31\pic\sources\c99\common\lwdiv.c estimated size: 116

lcd.c
		_lcdCommand    		CODE           	6104	0000	30
		_lcdChar       		CODE           	60E6	0000	30
		_lcdString     		CODE           	6AEE	0000	126
		_pulseEnablePin		CODE           	64D0	0000	66
		_pushByte      		CODE           	66DA	0000	90
		_lcdPosition   		CODE           	63A0	0000	58
		_pushNibble    		CODE           	6190	0000	38
		_lcdInit       		CODE           	6D40	0000	180
		_delayMili     		CODE           	6304	0000	48
		_delayMicro    		CODE           	602A	0000	2

lcd.c estimated size: 668

C:\Program Files\Microchip\xc8\v2.31\pic\sources\c99\common\aldiv.c
		___aldiv       		CODE           	72E2	0000	268

C:\Program Files\Microchip\xc8\v2.31\pic\sources\c99\common\aldiv.c estimated size: 268

C:\Program Files\Microchip\xc8\v2.31\pic\sources\c99\common\Umul16.c
		___wmul        		CODE           	616A	0000	38

C:\Program Files\Microchip\xc8\v2.31\pic\sources\c99\common\Umul16.c estimated size: 38

main.c
		_menuUpdate    		CODE           	71F4	0000	238
		_displayMenu   		CODE           	6512	0000	68
		_main          		CODE           	6BF2	0000	158
		_displayMenuOption		CODE           	6EAE	0000	194

main.c estimated size: 658

